// Jest Snapshot v1, https://goo.gl/fbAQLP

exports[`language switch component should render correctly 1`] = `
<DocumentFragment>
  <ul>
    <li>
      <button
        type="button"
      >
        de
      </button>
    </li>
    <li>
      <button
        type="button"
      >
        en
      </button>
    </li>
  </ul>
</DocumentFragment>
`;
