// Jest Snapshot v1, https://goo.gl/fbAQLP

exports[`router component should render correctly 1`] = `
<div
  class="layout"
>
  <header
    class="header"
  >
    <div
      class="grid"
    >
      <nav
        class="navigation"
      >
        <ul
          class="navigation__list navigation__list--inline"
        >
          <li>
            <a
              href="/contacts"
            >
              pages:contacts
            </a>
          </li>
          <li>
            <a
              href="/contacts/new"
            >
              pages:new
            </a>
          </li>
          <li>
            <a
              href="/settings"
            >
              pages:settings
            </a>
          </li>
          <li>
            <a
              href="/login"
            >
              pages:login
            </a>
          </li>
          <li>
            <a
              href="/logout"
            >
              pages:logout
            </a>
          </li>
        </ul>
      </nav>
    </div>
  </header>
  <main
    class="main"
  >
    <div
      class="grid"
    >
      <div>
        Home
      </div>
    </div>
  </main>
  <footer>
    <div
      class="grid"
    >
      Footer
    </div>
  </footer>
</div>
`;
