// Jest Snapshot v1, https://goo.gl/fbAQLP

exports[`contact new component should render correctly 1`] = `
<DocumentFragment>
  <form
    action="#"
    class="form"
  >
    <div
      class="form__field"
    >
      <label
        class="label"
        for="name.firstName"
      >
        Firstname
      </label>
      <input
        class="form__input"
        id="name.firstName"
        name="name.firstName"
        type="text"
        value=""
      />
    </div>
    <div
      class="form__field"
    >
      <label
        class="label"
        for="name.lastName"
      >
        Lastname
      </label>
      <input
        class="form__input"
        id="name.lastName"
        name="name.lastName"
        type="text"
        value=""
      />
    </div>
    <div
      class="form__field"
    >
      <label
        class="label"
        for="address.streetAddress"
      >
        Street
      </label>
      <input
        class="form__input"
        id="address.streetAddress"
        name="address.streetAddress"
        type="text"
        value=""
      />
    </div>
    <div
      class="form__field"
    >
      <label
        class="label"
        for="address.zipCode"
      >
        Zip
      </label>
      <input
        class="form__input"
        id="address.zipCode"
        name="address.zipCode"
        type="text"
        value=""
      />
    </div>
    <div
      class="form__field"
    >
      <label
        class="label"
        for="address.city"
      >
        City
      </label>
      <input
        class="form__input"
        id="address.city"
        name="address.city"
        type="text"
        value=""
      />
    </div>
    <div
      class="form__field"
    >
      <label
        class="label"
        for="address.country"
      >
        Country
      </label>
      <input
        class="form__input"
        id="address.country"
        name="address.country"
        type="text"
        value=""
      />
    </div>
    <div
      class="form__field"
    >
      <label
        class="label"
        for="email"
      >
        Email
      </label>
      <input
        class="form__input"
        id="email"
        name="email"
        type="email"
        value=""
      />
    </div>
    <div
      class="form__field"
    >
      <label
        class="label"
        for="phone"
      >
        Phone
      </label>
      <input
        class="form__input"
        id="phone"
        name="phone"
        type="tel"
        value=""
      />
    </div>
    <div
      class="form__field"
    >
      <button
        type="submit"
      >
        common:save
      </button>
    </div>
  </form>
</DocumentFragment>
`;
