// Jest Snapshot v1, https://goo.gl/fbAQLP

exports[`contacts component should render correctly 1`] = `
<DocumentFragment>
  <div>
    <ul
      class="contacts__list"
    >
      <li
        class="contacts__item"
      >
        <div>
          <h2
            class="contact__name"
          >
            <a
              class="contact__link"
              href="/contacts/1"
            >
              John Doe
            </a>
          </h2>
        </div>
      </li>
    </ul>
  </div>
</DocumentFragment>
`;
